Archive member included to satisfy reference by file (symbol)

C:/ST/STM32CubeIDE_2.2.0/STM32CubeIDE/plugins/com.st.stm32cube.ide.mcu.externaltools.gnu-tools-for-stm32.14.3.rel1.win32_1.0.100.202602081740/tools/bin/../lib/gcc/arm-none-eabi/14.3.1/../../../../arm-none-eabi/lib/thumb/v7-m/nofp\libc_nano.a(libc_a-exit.o)
                              C:/ST/STM32CubeIDE_2.2.0/STM32CubeIDE/plugins/com.st.stm32cube.ide.mcu.externaltools.gnu-tools-for-stm32.14.3.rel1.win32_1.0.100.202602081740/tools/bin/../lib/gcc/arm-none-eabi/14.3.1/../../../../arm-none-eabi/lib/thumb/v7-m/nofp/crt0.o (exit)
C:/ST/STM32CubeIDE_2.2.0/STM32CubeIDE/plugins/com.st.stm32cube.ide.mcu.externaltools.gnu-tools-for-stm32.14.3.rel1.win32_1.0.100.202602081740/tools/bin/../lib/gcc/arm-none-eabi/14.3.1/../../../../arm-none-eabi/lib/thumb/v7-m/nofp\libc_nano.a(libc_a-findfp.o)
                              C:/ST/STM32CubeIDE_2.2.0/STM32CubeIDE/plugins/com.st.stm32cube.ide.mcu.externaltools.gnu-tools-for-stm32.14.3.rel1.win32_1.0.100.202602081740/tools/bin/../lib/gcc/arm-none-eabi/14.3.1/../../../../arm-none-eabi/lib/thumb/v7-m/nofp\libc_nano.a(libc_a-exit.o) (__stdio_exit_handler)
C:/ST/STM32CubeIDE_2.2.0/STM32CubeIDE/plugins/com.st.stm32cube.ide.mcu.externaltools.gnu-tools-for-stm32.14.3.rel1.win32_1.0.100.202602081740/tools/bin/../lib/gcc/arm-none-eabi/14.3.1/../../../../arm-none-eabi/lib/thumb/v7-m/nofp\libc_nano.a(libc_a-fwalk.o)
                              C:/ST/STM32CubeIDE_2.2.0/STM32CubeIDE/plugins/com.st.stm32cube.ide.mcu.externaltools.gnu-tools-for-stm32.14.3.rel1.win32_1.0.100.202602081740/tools/bin/../lib/gcc/arm-none-eabi/14.3.1/../../../../arm-none-eabi/lib/thumb/v7-m/nofp\libc_nano.a(libc_a-findfp.o) (_fwalk_sglue)
C:/ST/STM32CubeIDE_2.2.0/STM32CubeIDE/plugins/com.st.stm32cube.ide.mcu.externaltools.gnu-tools-for-stm32.14.3.rel1.win32_1.0.100.202602081740/tools/bin/../lib/gcc/arm-none-eabi/14.3.1/../../../../arm-none-eabi/lib/thumb/v7-m/nofp\libc_nano.a(libc_a-stdio.o)
                              C:/ST/STM32CubeIDE_2.2.0/STM32CubeIDE/plugins/com.st.stm32cube.ide.mcu.externaltools.gnu-tools-for-stm32.14.3.rel1.win32_1.0.100.202602081740/tools/bin/../lib/gcc/arm-none-eabi/14.3.1/../../../../arm-none-eabi/lib/thumb/v7-m/nofp\libc_nano.a(libc_a-findfp.o) (__sread)
C:/ST/STM32CubeIDE_2.2.0/STM32CubeIDE/plugins/com.st.stm32cube.ide.mcu.externaltools.gnu-tools-for-stm32.14.3.rel1.win32_1.0.100.202602081740/tools/bin/../lib/gcc/arm-none-eabi/14.3.1/../../../../arm-none-eabi/lib/thumb/v7-m/nofp\libc_nano.a(libc_a-memset.o)
                              C:/ST/STM32CubeIDE_2.2.0/STM32CubeIDE/plugins/com.st.stm32cube.ide.mcu.externaltools.gnu-tools-for-stm32.14.3.rel1.win32_1.0.100.202602081740/tools/bin/../lib/gcc/arm-none-eabi/14.3.1/../../../../arm-none-eabi/lib/thumb/v7-m/nofp/crt0.o (memset)
C:/ST/STM32CubeIDE_2.2.0/STM32CubeIDE/plugins/com.st.stm32cube.ide.mcu.externaltools.gnu-tools-for-stm32.14.3.rel1.win32_1.0.100.202602081740/tools/bin/../lib/gcc/arm-none-eabi/14.3.1/../../../../arm-none-eabi/lib/thumb/v7-m/nofp\libc_nano.a(libc_a-closer.o)
                              C:/ST/STM32CubeIDE_2.2.0/STM32CubeIDE/plugins/com.st.stm32cube.ide.mcu.externaltools.gnu-tools-for-stm32.14.3.rel1.win32_1.0.100.202602081740/tools/bin/../lib/gcc/arm-none-eabi/14.3.1/../../../../arm-none-eabi/lib/thumb/v7-m/nofp\libc_nano.a(libc_a-stdio.o) (_close_r)
C:/ST/STM32CubeIDE_2.2.0/STM32CubeIDE/plugins/com.st.stm32cube.ide.mcu.externaltools.gnu-tools-for-stm32.14.3.rel1.win32_1.0.100.202602081740/tools/bin/../lib/gcc/arm-none-eabi/14.3.1/../../../../arm-none-eabi/lib/thumb/v7-m/nofp\libc_nano.a(libc_a-reent.o)
                              C:/ST/STM32CubeIDE_2.2.0/STM32CubeIDE/plugins/com.st.stm32cube.ide.mcu.externaltools.gnu-tools-for-stm32.14.3.rel1.win32_1.0.100.202602081740/tools/bin/../lib/gcc/arm-none-eabi/14.3.1/../../../../arm-none-eabi/lib/thumb/v7-m/nofp\libc_nano.a(libc_a-closer.o) (errno)
C:/ST/STM32CubeIDE_2.2.0/STM32CubeIDE/plugins/com.st.stm32cube.ide.mcu.externaltools.gnu-tools-for-stm32.14.3.rel1.win32_1.0.100.202602081740/tools/bin/../lib/gcc/arm-none-eabi/14.3.1/../../../../arm-none-eabi/lib/thumb/v7-m/nofp\libc_nano.a(libc_a-impure.o)
                              C:/ST/STM32CubeIDE_2.2.0/STM32CubeIDE/plugins/com.st.stm32cube.ide.mcu.externaltools.gnu-tools-for-stm32.14.3.rel1.win32_1.0.100.202602081740/tools/bin/../lib/gcc/arm-none-eabi/14.3.1/../../../../arm-none-eabi/lib/thumb/v7-m/nofp\libc_nano.a(libc_a-reent.o) (_impure_ptr)
C:/ST/STM32CubeIDE_2.2.0/STM32CubeIDE/plugins/com.st.stm32cube.ide.mcu.externaltools.gnu-tools-for-stm32.14.3.rel1.win32_1.0.100.202602081740/tools/bin/../lib/gcc/arm-none-eabi/14.3.1/../../../../arm-none-eabi/lib/thumb/v7-m/nofp\libc_nano.a(libc_a-lseekr.o)
[...]
Memory Configuration

Name             Origin             Length             Attributes
RAM              0x20000000         0x00005000         xrw
FLASH            0x08000000         0x00010000         xr
*default*        0x00000000         0xffffffff

Linker script and memory map

LOAD C:/ST/STM32CubeIDE_2.2.0/STM32CubeIDE/plugins/com.st.stm32cube.ide.mcu.externaltools.gnu-tools-for-stm32.14.3.rel1.win32_1.0.100.202602081740/tools/bin/../lib/gcc/arm-none-eabi/14.3.1/thumb/v7-m/nofp/crti.o
LOAD C:/ST/STM32CubeIDE_2.2.0/STM32CubeIDE/plugins/com.st.stm32cube.ide.mcu.externaltools.gnu-tools-for-stm32.14.3.rel1.win32_1.0.100.202602081740/tools/bin/../lib/gcc/arm-none-eabi/14.3.1/thumb/v7-m/nofp/crtbegin.o
LOAD C:/ST/STM32CubeIDE_2.2.0/STM32CubeIDE/plugins/com.st.stm32cube.ide.mcu.externaltools.gnu-tools-for-stm32.14.3.rel1.win32_1.0.100.202602081740/tools/bin/../lib/gcc/arm-none-eabi/14.3.1/../../../../arm-none-eabi/lib/thumb/v7-m/nofp/crt0.o
LOAD ./Src/main.o
LOAD ./Src/syscalls.o
LOAD ./Src/sysmem.o
LOAD ./Startup/startup_stm32f103c8tx.o
START GROUP
LOAD C:/ST/STM32CubeIDE_2.2.0/STM32CubeIDE/plugins/com.st.stm32cube.ide.mcu.externaltools.gnu-tools-for-stm32.14.3.rel1.win32_1.0.100.202602081740/tools/bin/../lib/gcc/arm-none-eabi/14.3.1/../../../../arm-none-eabi/lib/thumb/v7-m/nofp\libstdc++_nano.a
LOAD C:/ST/STM32CubeIDE_2.2.0/STM32CubeIDE/plugins/com.st.stm32cube.ide.mcu.externaltools.gnu-tools-for-stm32.14.3.rel1.win32_1.0.100.202602081740/tools/bin/../lib/gcc/arm-none-eabi/14.3.1/../../../../arm-none-eabi/lib/thumb/v7-m/nofp\libsupc++_nano.a
END GROUP
LOAD C:/ST/STM32CubeIDE_2.2.0/STM32CubeIDE/plugins/com.st.stm32cube.ide.mcu.externaltools.gnu-tools-for-stm32.14.3.rel1.win32_1.0.100.202602081740/tools/bin/../lib/gcc/arm-none-eabi/14.3.1/../../../../arm-none-eabi/lib/thumb/v7-m/nofp\libstdc++_nano.a
LOAD C:/ST/STM32CubeIDE_2.2.0/STM32CubeIDE/plugins/com.st.stm32cube.ide.mcu.externaltools.gnu-tools-for-stm32.14.3.rel1.win32_1.0.100.202602081740/tools/bin/../lib/gcc/arm-none-eabi/14.3.1/../../../../arm-none-eabi/lib/thumb/v7-m/nofp\libm.a
LOAD C:/ST/STM32CubeIDE_2.2.0/STM32CubeIDE/plugins/com.st.stm32cube.ide.mcu.externaltools.gnu-tools-for-stm32.14.3.rel1.win32_1.0.100.202602081740/tools/bin/../lib/gcc/arm-none-eabi/14.3.1/../../../../arm-none-eabi/lib/thumb/v7-m/nofp\libc_nano.a
START GROUP
LOAD C:/ST/STM32CubeIDE_2.2.0/STM32CubeIDE/plugins/com.st.stm32cube.ide.mcu.externaltools.gnu-tools-for-stm32.14.3.rel1.win32_1.0.100.202602081740/tools/bin/../lib/gcc/arm-none-eabi/14.3.1/thumb/v7-m/nofp\libgcc.a
LOAD C:/ST/STM32CubeIDE_2.2.0/STM32CubeIDE/plugins/com.st.stm32cube.ide.mcu.externaltools.gnu-tools-for-stm32.14.3.rel1.win32_1.0.100.202602081740/tools/bin/../lib/gcc/arm-none-eabi/14.3.1/../../../../arm-none-eabi/lib/thumb/v7-m/nofp\libc_nano.a
END GROUP
START GROUP
LOAD C:/ST/STM32CubeIDE_2.2.0/STM32CubeIDE/plugins/com.st.stm32cube.ide.mcu.externaltools.gnu-tools-for-stm32.14.3.rel1.win32_1.0.100.202602081740/tools/bin/../lib/gcc/arm-none-eabi/14.3.1/thumb/v7-m/nofp\libgcc.a
LOAD C:/ST/STM32CubeIDE_2.2.0/STM32CubeIDE/plugins/com.st.stm32cube.ide.mcu.externaltools.gnu-tools-for-stm32.14.3.rel1.win32_1.0.100.202602081740/tools/bin/../lib/gcc/arm-none-eabi/14.3.1/../../../../arm-none-eabi/lib/thumb/v7-m/nofp\libc_nano.a
LOAD C:/ST/STM32CubeIDE_2.2.0/STM32CubeIDE/plugins/com.st.stm32cube.ide.mcu.externaltools.gnu-tools-for-stm32.14.3.rel1.win32_1.0.100.202602081740/tools/bin/../lib/gcc/arm-none-eabi/14.3.1/../../../../arm-none-eabi/lib/thumb/v7-m/nofp\libnosys.a
END GROUP
START GROUP
LOAD C:/ST/STM32CubeIDE_2.2.0/STM32CubeIDE/plugins/com.st.stm32cube.ide.mcu.externaltools.gnu-tools-for-stm32.14.3.rel1.win32_1.0.100.202602081740/tools/bin/../lib/gcc/arm-none-eabi/14.3.1/thumb/v7-m/nofp\libgcc.a
LOAD C:/ST/STM32CubeIDE_2.2.0/STM32CubeIDE/plugins/com.st.stm32cube.ide.mcu.externaltools.gnu-tools-for-stm32.14.3.rel1.win32_1.0.100.202602081740/tools/bin/../lib/gcc/arm-none-eabi/14.3.1/../../../../arm-none-eabi/lib/thumb/v7-m/nofp\libc_nano.a
LOAD C:/ST/STM32CubeIDE_2.2.0/STM32CubeIDE/plugins/com.st.stm32cube.ide.mcu.externaltools.gnu-tools-for-stm32.14.3.rel1.win32_1.0.100.202602081740/tools/bin/../lib/gcc/arm-none-eabi/14.3.1/../../../../arm-none-eabi/lib/thumb/v7-m/nofp\libnosys.a
END GROUP
LOAD C:/ST/STM32CubeIDE_2.2.0/STM32CubeIDE/plugins/com.st.stm32cube.ide.mcu.externaltools.gnu-tools-for-stm32.14.3.rel1.win32_1.0.100.202602081740/tools/bin/../lib/gcc/arm-none-eabi/14.3.1/thumb/v7-m/nofp/crtend.o
LOAD C:/ST/STM32CubeIDE_2.2.0/STM32CubeIDE/plugins/com.st.stm32cube.ide.mcu.externaltools.gnu-tools-for-stm32.14.3.rel1.win32_1.0.100.202602081740/tools/bin/../lib/gcc/arm-none-eabi/14.3.1/thumb/v7-m/nofp/crtn.o
                0x20005000                        _estack = (ORIGIN (RAM) + LENGTH (RAM))
                0x00000200                        _Min_Heap_Size = 0x200
                0x00000400                        _Min_Stack_Size = 0x400

.isr_vector     0x08000000      0x130
                0x08000000                        . = ALIGN (0x4)
 *(.isr_vector)
 .isr_vector    0x08000000      0x130 ./Startup/startup_stm32f103c8tx.o
                0x08000000                g_pfnVectors
                0x08000130                        . = ALIGN (0x4)

.text           0x08000130      0x7a4
                0x08000130                        . = ALIGN (0x4)
 *(.text)
 .text          0x08000130       0x40 C:/ST/STM32CubeIDE_2.2.0/STM32CubeIDE/plugins/com.st.stm32cube.ide.mcu.externaltools.gnu-tools-for-stm32.14.3.rel1.win32_1.0.100.202602081740/tools/bin/../lib/gcc/arm-none-eabi/14.3.1/thumb/v7-m/nofp/crtbegin.o
 *(.text*)
 .text.main     0x08000170       0xa0 ./Src/main.o
                0x08000170                main
 .text.SystemClock_Config
                0x08000210       0xac ./Src/main.o
                0x08000210                SystemClock_Config
 .text.GPIO_Init
                0x080002bc       0x54 ./Src/main.o
                0x080002bc                GPIO_Init
 .text.USART2_Init
                0x08000310       0x44 ./Src/main.o
                0x08000310                USART2_Init
 .text.TIM4_InputCapture_Init
                0x08000354       0xb8 ./Src/main.o
                0x08000354                TIM4_InputCapture_Init
 .text.TIM4_IRQHandler
                0x0800040c      0x154 ./Src/main.o
                0x0800040c                TIM4_IRQHandler
 .text.crc8_dvb_s2
                0x08000560       0x6e ./Src/main.o
                0x08000560                crc8_dvb_s2
 *fill*         0x080005ce        0x2 
 .text.send_crsf_frame
                0x080005d0      0x220 ./Src/main.o
                0x080005d0                send_crsf_frame
 .text.delay_ms
                0x080007f0       0x30 ./Src/main.o
                0x080007f0                delay_ms
 .text.Reset_Handler
                0x08000820       0x50 ./Startup/startup_stm32f103c8tx.o
                0x08000820                Reset_Handler
 .text.Default_Handler
                0x08000870        0x2 ./Startup/startup_stm32f103c8tx.o
                0x08000870                EXTI2_IRQHandler
                0x08000870                TIM8_TRG_COM_IRQHandler
                0x08000870                TIM8_CC_IRQHandler
                0x08000870                DebugMon_Handler
                0x08000870                TIM1_CC_IRQHandler
                0x08000870                HardFault_Handler
                0x08000870                TIM6_IRQHandler
                0x08000870                SysTick_Handler
                0x08000870                PVD_IRQHandler
                0x08000870                SDIO_IRQHandler
                0x08000870                PendSV_Handler
                0x08000870                NMI_Handler
                0x08000870                EXTI3_IRQHandler
                0x08000870                USB_HP_CAN_TX_IRQHandler
                0x08000870                EXTI0_IRQHandler
                0x08000870                I2C2_EV_IRQHandler
                0x08000870                UsageFault_Handler
                0x08000870                ADC1_2_IRQHandler
                0x08000870                SPI1_IRQHandler
                0x08000870                CAN_SCE_IRQHandler
                0x08000870                TAMPER_IRQHandler
                0x08000870                TIM8_UP_IRQHandler
                0x08000870                DMA2_Channel2_IRQHandler
                0x08000870                DMA1_Channel4_IRQHandler
                0x08000870                USART3_IRQHandler
                0x08000870                RTC_IRQHandler
                0x08000870                DMA1_Channel7_IRQHandler
                0x08000870                UART5_IRQHandler
                0x08000870                ADC3_IRQHandler
                0x08000870                CAN_RX1_IRQHandler
                0x08000870                DMA2_Channel1_IRQHandler
                0x08000870                I2C1_EV_IRQHandler
                0x08000870                DMA1_Channel6_IRQHandler
                0x08000870                UART4_IRQHandler
                0x08000870                TIM3_IRQHandler
                0x08000870                RCC_IRQHandler
                0x08000870                TIM1_TRG_COM_IRQHandler
                0x08000870                DMA1_Channel1_IRQHandler
                0x08000870                Default_Handler
                0x08000870                EXTI15_10_IRQHandler
                0x08000870                TIM7_IRQHandler
                0x08000870                TIM5_IRQHandler
                0x08000870                EXTI9_5_IRQHandler
                0x08000870                SPI2_IRQHandler
                0x08000870                USB_LP_CAN_RX0_IRQHandler
                0x08000870                MemManage_Handler
                0x08000870                SVC_Handler
                0x08000870                DMA1_Channel5_IRQHandler
                0x08000870                EXTI4_IRQHandler
                0x08000870                DMA1_Channel3_IRQHandler
                0x08000870                FSMC_IRQHandler
                0x08000870                TIM1_UP_IRQHandler
                0x08000870                WWDG_IRQHandler
                0x08000870                TIM2_IRQHandler
                0x08000870                TIM1_BRK_IRQHandler
                0x08000870                EXTI1_IRQHandler
                0x08000870                RTCAlarm_IRQHandler
                0x08000870                DMA2_Channel4_5_IRQHandler
                0x08000870                USART2_IRQHandler
                0x08000870                I2C2_ER_IRQHandler
                0x08000870                DMA1_Channel2_IRQHandler
                0x08000870                TIM8_BRK_IRQHandler
                0x08000870                FLASH_IRQHandler
                0x08000870                BusFault_Handler
                0x08000870                USART1_IRQHandler
                0x08000870                SPI3_IRQHandler
                0x08000870                I2C1_ER_IRQHandler
                0x08000870                DMA2_Channel3_IRQHandler
 *fill*         0x08000872        0x2 
 .text.__libc_init_array
                0x08000874       0x48 C:/ST/STM32CubeIDE_2.2.0/STM32CubeIDE/plugins/com.st.stm32cube.ide.mcu.externaltools.gnu-tools-for-stm32.14.3.rel1.win32_1.0.100.202602081740/tools/bin/../lib/gcc/arm-none-eabi/14.3.1/../../../../arm-none-eabi/lib/thumb/v7-m/nofp\libc_nano.a(libc_a-init.o)
                0x08000874                __libc_init_array
 *(.glue_7)
 .glue_7        0x080008bc        0x0 linker stubs
 *(.glue_7t)
 .glue_7t       0x080008bc        0x0 linker stubs
 *(.eh_frame)
 .eh_frame      0x080008bc        0x0 C:/ST/STM32CubeIDE_2.2.0/STM32CubeIDE/plugins/com.st.stm32cube.ide.mcu.externaltools.gnu-tools-for-stm32.14.3.rel1.win32_1.0.100.202602081740/tools/bin/../lib/gcc/arm-none-eabi/14.3.1/thumb/v7-m/nofp/crtbegin.o
 *(.init)
 .init          0x080008bc        0x4 C:/ST/STM32CubeIDE_2.2.0/STM32CubeIDE/plugins/com.st.stm32cube.ide.mcu.externaltools.gnu-tools-for-stm32.14.3.rel1.win32_1.0.100.202602081740/tools/bin/../lib/gcc/arm-none-eabi/14.3.1/thumb/v7-m/nofp/crti.o
                0x080008bc                _init
 .init          0x080008c0        0x8 C:/ST/STM32CubeIDE_2.2.0/STM32CubeIDE/plugins/com.st.stm32cube.ide.mcu.externaltools.gnu-tools-for-stm32.14.3.rel1.win32_1.0.100.202602081740/tools/bin/../lib/gcc/arm-none-eabi/14.3.1/thumb/v7-m/nofp/crtn.o
 *(.fini)
 .fini          0x080008c8        0x4 C:/ST/STM32CubeIDE_2.2.0/STM32CubeIDE/plugins/com.st.stm32cube.ide.mcu.externaltools.gnu-tools-for-stm32.14.3.rel1.win32_1.0.100.202602081740/tools/bin/../lib/gcc/arm-none-eabi/14.3.1/thumb/v7-m/nofp/crti.o
                0x080008c8                _fini
 .fini          0x080008cc        0x8 C:/ST/STM32CubeIDE_2.2.0/STM32CubeIDE/plugins/com.st.stm32cube.ide.mcu.externaltools.gnu-tools-for-stm32.14.3.rel1.win32_1.0.100.202602081740/tools/bin/../lib/gcc/arm-none-eabi/14.3.1/thumb/v7-m/nofp/crtn.o
                0x080008d4                        . = ALIGN (0x4)
                0x080008d4                        _etext = .

.vfp11_veneer   0x080008d4        0x0
 .vfp11_veneer  0x080008d4        0x0 linker stubs

.v4_bx          0x080008d4        0x0
 .v4_bx         0x080008d4        0x0 linker stubs

.iplt           0x080008d4        0x0
 .iplt          0x080008d4        0x0 C:/ST/STM32CubeIDE_2.2.0/STM32CubeIDE/plugins/com.st.stm32cube.ide.mcu.externaltools.gnu-tools-for-stm32.14.3.rel1.win32_1.0.100.202602081740/tools/bin/../lib/gcc/arm-none-eabi/14.3.1/thumb/v7-m/nofp/crtbegin.o

.rodata         0x080008d4        0x0
                0x080008d4                        . = ALIGN (0x4)
 *(.rodata)
 *(.rodata*)
                0x080008d4                        . = ALIGN (0x4)

.ARM.extab      0x080008d4        0x0
                0x080008d4                        . = ALIGN (0x4)
 *(.ARM.extab* .gnu.linkonce.armextab.*)
                0x080008d4                        . = ALIGN (0x4)

.ARM            0x080008d4        0x0
                0x080008d4                        . = ALIGN (0x4)
                0x080008d4                        __exidx_start = .
 *(.ARM.exidx*)
                0x080008d4                        __exidx_end = .
                0x080008d4                        . = ALIGN (0x4)

.preinit_array  0x080008d4        0x0
                0x080008d4                        . = ALIGN (0x4)
                0x080008d4                        PROVIDE (__preinit_array_start = .)
 *(.preinit_array*)
                0x080008d4                        PROVIDE (__preinit_array_end = .)
                0x080008d4                        . = ALIGN (0x4)

.init_array     0x080008d4        0x4
                0x080008d4                        . = ALIGN (0x4)
                0x080008d4                        PROVIDE (__init_array_start = .)
 *(SORT_BY_NAME(.init_array.*))
 *(.init_array*)
 .init_array    0x080008d4        0x4 C:/ST/STM32CubeIDE_2.2.0/STM32CubeIDE/plugins/com.st.stm32cube.ide.mcu.externaltools.gnu-tools-for-stm32.14.3.rel1.win32_1.0.100.202602081740/tools/bin/../lib/gcc/arm-none-eabi/14.3.1/thumb/v7-m/nofp/crtbegin.o
                0x080008d8                        PROVIDE (__init_array_end = .)
                0x080008d8                        . = ALIGN (0x4)

.fini_array     0x080008d8        0x4
                0x080008d8                        . = ALIGN (0x4)
                [!provide]                        PROVIDE (__fini_array_start = .)
 *(SORT_BY_NAME(.fini_array.*))
 *(.fini_array*)
 .fini_array    0x080008d8        0x4 C:/ST/STM32CubeIDE_2.2.0/STM32CubeIDE/plugins/com.st.stm32cube.ide.mcu.externaltools.gnu-tools-for-stm32.14.3.rel1.win32_1.0.100.202602081740/tools/bin/../lib/gcc/arm-none-eabi/14.3.1/thumb/v7-m/nofp/crtbegin.o
                [!provide]                        PROVIDE (__fini_array_end = .)
                0x080008dc                        . = ALIGN (0x4)
                0x080008dc                        _sidata = LOADADDR (.data)

.rel.dyn        0x080008dc        0x0
 .rel.iplt      0x080008dc        0x0 C:/ST/STM32CubeIDE_2.2.0/STM32CubeIDE/plugins/com.st.stm32cube.ide.mcu.externaltools.gnu-tools-for-stm32.14.3.rel1.win32_1.0.100.202602081740/tools/bin/../lib/gcc/arm-none-eabi/14.3.1/thumb/v7-m/nofp/crtbegin.o

.data           0x20000000       0x1c load address 0x080008dc
                0x20000000                        . = ALIGN (0x4)
                0x20000000                        _sdata = .
 *(.data)
 *(.data*)
 .data.is_first_start
                0x20000000        0x1 ./Src/main.o
                0x20000000                is_first_start
 .data.edge_flag
                0x20000001        0x1 ./Src/main.o
                0x20000001                edge_flag
 *fill*         0x20000002        0x2 
 .data.ppm_output
                0x20000004       0x18 ./Src/main.o
                0x20000004                ppm_output
 *(.RamFunc)
 *(.RamFunc*)
                0x2000001c                        . = ALIGN (0x4)
                0x2000001c                        _edata = .

.igot.plt       0x2000001c        0x0 load address 0x080008f8
 .igot.plt      0x2000001c        0x0 C:/ST/STM32CubeIDE_2.2.0/STM32CubeIDE/plugins/com.st.stm32cube.ide.mcu.externaltools.gnu-tools-for-stm32.14.3.rel1.win32_1.0.100.202602081740/tools/bin/../lib/gcc/arm-none-eabi/14.3.1/thumb/v7-m/nofp/crtbegin.o
                0x2000001c                        . = ALIGN (0x4)

.bss            0x2000001c       0x3c load address 0x080008f8
                0x2000001c                        _sbss = .
                0x2000001c                        __bss_start__ = _sbss
 *(.bss)
 .bss           0x2000001c       0x1c C:/ST/STM32CubeIDE_2.2.0/STM32CubeIDE/plugins/com.st.stm32cube.ide.mcu.externaltools.gnu-tools-for-stm32.14.3.rel1.win32_1.0.100.202602081740/tools/bin/../lib/gcc/arm-none-eabi/14.3.1/thumb/v7-m/nofp/crtbegin.o
 *(.bss*)
 .bss.current_channel
                0x20000038        0x1 ./Src/main.o
                0x20000038                current_channel
 .bss.is_in_sync
                0x20000039        0x1 ./Src/main.o
                0x20000039                is_in_sync
 .bss.frame_ready
                0x2000003a        0x1 ./Src/main.o
                0x2000003a                frame_ready
 *fill*         0x2000003b        0x1 
 .bss.working_vals
                0x2000003c       0x18 ./Src/main.o
 .bss.last_capture
                0x20000054        0x4 ./Src/main.o
 *(COMMON)
                0x20000058                        . = ALIGN (0x4)
                0x20000058                        _ebss = .
                0x20000058                        __bss_end__ = _ebss

._user_heap_stack
                0x20000058      0x600 load address 0x080008f8
                0x20000058                        . = ALIGN (0x8)
                [!provide]                        PROVIDE (end = .)
                0x20000058                        PROVIDE (_end = .)
                0x20000258                        . = (. + _Min_Heap_Size)
 *fill*         0x20000058      0x200 
                0x20000658                        . = (. + _Min_Stack_Size)
 *fill*         0x20000258      0x400 
                0x20000658                        . = ALIGN (0x8)

/DISCARD/
 libc.a(*)
 libm.a(*)
 libgcc.a(*)

.ARM.attributes
                0x00000000       0x29
 *(.ARM.attributes)
 .ARM.attributes
                0x00000000       0x1d C:/ST/STM32CubeIDE_2.2.0/STM32CubeIDE/plugins/com.st.stm32cube.ide.mcu.externaltools.gnu-tools-for-stm32.14.3.rel1.win32_1.0.100.202602081740/tools/bin/../lib/gcc/arm-none-eabi/14.3.1/thumb/v7-m/nofp/crti.o
 .ARM.attributes
                0x0000001d       0x2d C:/ST/STM32CubeIDE_2.2.0/STM32CubeIDE/plugins/com.st.stm32cube.ide.mcu.externaltools.gnu-tools-for-stm32.14.3.rel1.win32_1.0.100.202602081740/tools/bin/../lib/gcc/arm-none-eabi/14.3.1/thumb/v7-m/nofp/crtbegin.o
 .ARM.attributes
                0x0000004a       0x2d ./Src/main.o
 .ARM.attributes
                0x00000077       0x21 ./Startup/startup_stm32f103c8tx.o
 .ARM.attributes
                0x00000098       0x2d C:/ST/STM32CubeIDE_2.2.0/STM32CubeIDE/plugins/com.st.stm32cube.ide.mcu.externaltools.gnu-tools-for-stm32.14.3.rel1.win32_1.0.100.202602081740/tools/bin/../lib/gcc/arm-none-eabi/14.3.1/../../../../arm-none-eabi/lib/thumb/v7-m/nofp\libc_nano.a(libc_a-init.o)
 .ARM.attributes
                0x000000c5       0x1d C:/ST/STM32CubeIDE_2.2.0/STM32CubeIDE/plugins/com.st.stm32cube.ide.mcu.externaltools.gnu-tools-for-stm32.14.3.rel1.win32_1.0.100.202602081740/tools/bin/../lib/gcc/arm-none-eabi/14.3.1/thumb/v7-m/nofp/crtn.o
OUTPUT(ppm24tocrossfire.elf elf32-littlearm)
LOAD linker stubs
LOAD C:/ST/STM32CubeIDE_2.2.0/STM32CubeIDE/plugins/com.st.stm32cube.ide.mcu.externaltools.gnu-tools-for-stm32.14.3.rel1.win32_1.0.100.202602081740/tools/bin/../lib/gcc/arm-none-eabi/14.3.1/../../../../arm-none-eabi/lib/thumb/v7-m/nofp\libc.a
LOAD C:/ST/STM32CubeIDE_2.2.0/STM32CubeIDE/plugins/com.st.stm32cube.ide.mcu.externaltools.gnu-tools-for-stm32.14.3.rel1.win32_1.0.100.202602081740/tools/bin/../lib/gcc/arm-none-eabi/14.3.1/../../../../arm-none-eabi/lib/thumb/v7-m/nofp\libm.a
LOAD C:/ST/STM32CubeIDE_2.2.0/STM32CubeIDE/plugins/com.st.stm32cube.ide.mcu.externaltools.gnu-tools-for-stm32.14.3.rel1.win32_1.0.100.202602081740/tools/bin/../lib/gcc/arm-none-eabi/14.3.1/thumb/v7-m/nofp\libgcc.a

.debug_info     0x00000000      0x500
 .debug_info    0x00000000      0x4d0 ./Src/main.o
 .debug_info    0x000004d0       0x30 ./Startup/startup_stm32f103c8tx.o

.debug_abbrev   0x00000000      0x1d7
 .debug_abbrev  0x00000000      0x1b3 ./Src/main.o
 .debug_abbrev  0x000001b3       0x24 ./Startup/startup_stm32f103c8tx.o

.debug_aranges  0x00000000       0xa0
 .debug_aranges
                0x00000000       0x78 ./Src/main.o
 .debug_aranges
                0x00000078       0x28 ./Startup/startup_stm32f103c8tx.o

.debug_rnglists
                0x00000000       0x73
 .debug_rnglists
                0x00000000       0x5a ./Src/main.o
 .debug_rnglists
                0x0000005a       0x19 ./Startup/startup_stm32f103c8tx.o

.debug_macro    0x00000000     0x1ad7
 .debug_macro   0x00000000      0x238 ./Src/main.o
 .debug_macro   0x00000238      0xad2 ./Src/main.o
 .debug_macro   0x00000d0a       0x22 ./Src/main.o
 .debug_macro   0x00000d2c       0x8e ./Src/main.o
 .debug_macro   0x00000dba       0x51 ./Src/main.o
 .debug_macro   0x00000e0b      0x103 ./Src/main.o
 .debug_macro   0x00000f0e       0x6a ./Src/main.o
 .debug_macro   0x00000f78      0x1df ./Src/main.o
 .debug_macro   0x00001157       0x61 ./Src/main.o
 .debug_macro   0x000011b8       0x24 ./Src/main.o
 .debug_macro   0x000011dc       0x43 ./Src/main.o
 .debug_macro   0x0000121f       0x34 ./Src/main.o
 .debug_macro   0x00001253      0x190 ./Src/main.o
 .debug_macro   0x000013e3      0x364 ./Src/main.o
 .debug_macro   0x00001747       0x16 ./Src/main.o
 .debug_macro   0x0000175d       0x4a ./Src/main.o
 .debug_macro   0x000017a7       0x34 ./Src/main.o
 .debug_macro   0x000017db       0x10 ./Src/main.o
 .debug_macro   0x000017eb       0x58 ./Src/main.o
 .debug_macro   0x00001843       0x8e ./Src/main.o
 .debug_macro   0x000018d1       0x1c ./Src/main.o
 .debug_macro   0x000018ed      0x17e ./Src/main.o
 .debug_macro   0x00001a6b       0x10 ./Src/main.o
 .debug_macro   0x00001a7b       0x3c ./Src/main.o
 .debug_macro   0x00001ab7       0x20 ./Src/main.o

.debug_line     0x00000000      0xa2e
 .debug_line    0x00000000      0x9b3 ./Src/main.o
 .debug_line    0x000009b3       0x7b ./Startup/startup_stm32f103c8tx.o

.debug_str      0x00000000     0x7967
 .debug_str     0x00000000     0x7967 ./Src/main.o
                               0x7b2a (size before relaxing)
 .debug_str     0x00007967       0x8a ./Startup/startup_stm32f103c8tx.o

.comment        0x00000000       0x43
 .comment       0x00000000       0x43 ./Src/main.o
                                 0x44 (size before relaxing)

.debug_frame    0x00000000      0x1b4
 .debug_frame   0x00000000      0x188 ./Src/main.o
 .debug_frame   0x00000188       0x2c C:/ST/STM32CubeIDE_2.2.0/STM32CubeIDE/plugins/com.st.stm32cube.ide.mcu.externaltools.gnu-tools-for-stm32.14.3.rel1.win32_1.0.100.202602081740/tools/bin/../lib/gcc/arm-none-eabi/14.3.1/../../../../arm-none-eabi/lib/thumb/v7-m/nofp\libc_nano.a(libc_a-init.o)

.debug_line_str
                0x00000000       0x6e
 .debug_line_str
                0x00000000       0x6e ./Startup/startup_stm32f103c8tx.o
